app/admin/products/[id]/edit/page.tsx(40,20): error TS2322: Type '{ images: { id: number; isMain: boolean; productId: number; url: string; }[]; tags: { tagId: number; }[]; } & { id: number; name: string; createdAt: Date; updatedAt: Date; slug: string; price: number; ... 6 more ...; categoryId: number | null; }' is not assignable to type '{ id: number; name: string; slug: string; price: number; originalPrice?: number | undefined; stock: number; description?: string | undefined; categoryId?: number | undefined; collectionId?: number | undefined; productLine?: string | undefined; isFeatured: boolean; tags?: { ...; }[] | undefined; images?: { ...; }[] |...'.
  Type '{ images: { id: number; isMain: boolean; productId: number; url: string; }[]; tags: { tagId: number; }[]; } & { id: number; name: string; createdAt: Date; updatedAt: Date; slug: string; price: number; ... 6 more ...; categoryId: number | null; }' is not assignable to type '{ id: number; name: string; slug: string; price: number; originalPrice?: number | undefined; stock: number; description?: string | undefined; categoryId?: number | undefined; collectionId?: number | undefined; productLine?: string | undefined; isFeatured: boolean; tags?: { ...; }[] | undefined; images?: { ...; }[] |...'.
    Types of property 'originalPrice' are incompatible.
      Type 'number | null' is not assignable to type 'number | undefined'.
        Type 'null' is not assignable to type 'number | undefined'.
